// Jest Snapshot v1, https://goo.gl/fbAQLP

exports[`Contacts create snapshot Contacts 1`] = `
<View
  style={
    Object {
      "flex": 1,
    }
  }
>
  <Memo(Connect(User))
    chats={false}
    id={1}
    messages={null}
    name="Vasya"
    online="online"
    user={
      Object {
        "id": 1,
        "messages": Array [
          Object {
            "date": "11 days ago",
            "id": 11,
            "recieved": false,
            "text": "hello",
          },
          Object {
            "date": "9 days ago",
            "id": 12,
            "recieved": true,
            "text": "hi bro",
          },
        ],
        "name": "Vasya",
        "online": "online",
      }
    }
    users={
      Array [
        Object {
          "id": 1,
          "messages": Array [
            Object {
              "date": "11 days ago",
              "id": 11,
              "recieved": false,
              "text": "hello",
            },
            Object {
              "date": "9 days ago",
              "id": 12,
              "recieved": true,
              "text": "hi bro",
            },
          ],
          "name": "Vasya",
          "online": "online",
        },
        Object {
          "id": 2,
          "messages": Array [
            Object {
              "date": "10 days ago",
              "id": 21,
              "recieved": false,
              "text": "Have a nice day!",
            },
            Object {
              "date": "7 days ago",
              "id": 22,
              "recieved": true,
              "text": "thanks",
            },
          ],
          "name": "Petya",
          "online": "last seen just now",
        },
        Object {
          "id": 3,
          "messages": Array [
            Object {
              "date": "5 days ago",
              "id": 31,
              "recieved": false,
              "text": "YO!",
            },
            Object {
              "date": "4 days ago",
              "id": 32,
              "recieved": true,
              "text": "HI!",
            },
          ],
          "name": "Kolya",
          "online": "last seen 10 minutes ago",
        },
      ]
    }
  />
  <Memo(Connect(User))
    chats={false}
    id={2}
    messages={null}
    name="Petya"
    online="last seen just now"
    user={
      Object {
        "id": 2,
        "messages": Array [
          Object {
            "date": "10 days ago",
            "id": 21,
            "recieved": false,
            "text": "Have a nice day!",
          },
          Object {
            "date": "7 days ago",
            "id": 22,
            "recieved": true,
            "text": "thanks",
          },
        ],
        "name": "Petya",
        "online": "last seen just now",
      }
    }
    users={
      Array [
        Object {
          "id": 1,
          "messages": Array [
            Object {
              "date": "11 days ago",
              "id": 11,
              "recieved": false,
              "text": "hello",
            },
            Object {
              "date": "9 days ago",
              "id": 12,
              "recieved": true,
              "text": "hi bro",
            },
          ],
          "name": "Vasya",
          "online": "online",
        },
        Object {
          "id": 2,
          "messages": Array [
            Object {
              "date": "10 days ago",
              "id": 21,
              "recieved": false,
              "text": "Have a nice day!",
            },
            Object {
              "date": "7 days ago",
              "id": 22,
              "recieved": true,
              "text": "thanks",
            },
          ],
          "name": "Petya",
          "online": "last seen just now",
        },
        Object {
          "id": 3,
          "messages": Array [
            Object {
              "date": "5 days ago",
              "id": 31,
              "recieved": false,
              "text": "YO!",
            },
            Object {
              "date": "4 days ago",
              "id": 32,
              "recieved": true,
              "text": "HI!",
            },
          ],
          "name": "Kolya",
          "online": "last seen 10 minutes ago",
        },
      ]
    }
  />
  <Memo(Connect(User))
    chats={false}
    id={3}
    messages={null}
    name="Kolya"
    online="last seen 10 minutes ago"
    user={
      Object {
        "id": 3,
        "messages": Array [
          Object {
            "date": "5 days ago",
            "id": 31,
            "recieved": false,
            "text": "YO!",
          },
          Object {
            "date": "4 days ago",
            "id": 32,
            "recieved": true,
            "text": "HI!",
          },
        ],
        "name": "Kolya",
        "online": "last seen 10 minutes ago",
      }
    }
    users={
      Array [
        Object {
          "id": 1,
          "messages": Array [
            Object {
              "date": "11 days ago",
              "id": 11,
              "recieved": false,
              "text": "hello",
            },
            Object {
              "date": "9 days ago",
              "id": 12,
              "recieved": true,
              "text": "hi bro",
            },
          ],
          "name": "Vasya",
          "online": "online",
        },
        Object {
          "id": 2,
          "messages": Array [
            Object {
              "date": "10 days ago",
              "id": 21,
              "recieved": false,
              "text": "Have a nice day!",
            },
            Object {
              "date": "7 days ago",
              "id": 22,
              "recieved": true,
              "text": "thanks",
            },
          ],
          "name": "Petya",
          "online": "last seen just now",
        },
        Object {
          "id": 3,
          "messages": Array [
            Object {
              "date": "5 days ago",
              "id": 31,
              "recieved": false,
              "text": "YO!",
            },
            Object {
              "date": "4 days ago",
              "id": 32,
              "recieved": true,
              "text": "HI!",
            },
          ],
          "name": "Kolya",
          "online": "last seen 10 minutes ago",
        },
      ]
    }
  />
</View>
`;
